// Jest Snapshot v1, https://goo.gl/fbAQLP

exports[`Page snapshot test 1`] = `<test />`;
